// Jest Snapshot v1, https://goo.gl/fbAQLP

exports[`svgo does not load runtime configuration with \`runtimeConfig: false\` 1`] = `"<svg width=\\"88\\" height=\\"88\\" xmlns=\\"http://www.w3.org/2000/svg\\"><g id=\\"svgo__Blocks\\" class=\\"svgo__blocks\\" stroke=\\"none\\" stroke-width=\\"1\\" fill=\\"none\\" fill-rule=\\"evenodd\\" stroke-linecap=\\"square\\"><g id=\\"svgo__Dismiss\\" stroke=\\"#063855\\" stroke-width=\\"2\\"><path d=\\"M51 37 37 51\\" id=\\"svgo__Shape\\"/><path d=\\"M51 51 37 37\\"/><style></style></g></g></svg>"`;

exports[`svgo does not remove viewBox with \`icon\` option 1`] = `"<svg width=\\"88\\" height=\\"88\\" viewBox=\\"0 0 88 88\\" xmlns=\\"http://www.w3.org/2000/svg\\"><g id=\\"prefix__Blocks\\" class=\\"prefix__blocks\\" stroke=\\"none\\" stroke-width=\\"1\\" fill=\\"none\\" fill-rule=\\"evenodd\\" stroke-linecap=\\"square\\"><g id=\\"prefix__Dismiss\\" stroke=\\"#063855\\" stroke-width=\\"2\\"><path d=\\"M51 37 37 51\\" id=\\"prefix__Shape\\"/><path d=\\"M51 51 37 37\\"/><style></style></g></g></svg>"`;

exports[`svgo does not remove viewBox with when \`dimensions\` is false 1`] = `"<svg width=\\"88\\" height=\\"88\\" viewBox=\\"0 0 88 88\\" xmlns=\\"http://www.w3.org/2000/svg\\"><g id=\\"prefix__Blocks\\" class=\\"prefix__blocks\\" stroke=\\"none\\" stroke-width=\\"1\\" fill=\\"none\\" fill-rule=\\"evenodd\\" stroke-linecap=\\"square\\"><g id=\\"prefix__Dismiss\\" stroke=\\"#063855\\" stroke-width=\\"2\\"><path d=\\"M51 37 37 51\\" id=\\"prefix__Shape\\"/><path d=\\"M51 51 37 37\\"/><style></style></g></g></svg>"`;

exports[`svgo optimizes svg 1`] = `"<svg width=\\"88\\" height=\\"88\\" xmlns=\\"http://www.w3.org/2000/svg\\"><g id=\\"prefix__Blocks\\" class=\\"prefix__blocks\\" stroke=\\"none\\" stroke-width=\\"1\\" fill=\\"none\\" fill-rule=\\"evenodd\\" stroke-linecap=\\"square\\"><g id=\\"prefix__Dismiss\\" stroke=\\"#063855\\" stroke-width=\\"2\\"><path d=\\"M51 37 37 51\\" id=\\"prefix__Shape\\"/><path d=\\"M51 51 37 37\\"/><style></style></g></g></svg>"`;

exports[`svgo supports \`config.svgoConfig\` 1`] = `"<svg width=\\"88\\" height=\\"88\\" xmlns=\\"http://www.w3.org/2000/svg\\"><desc>Created with Sketch.</desc><g id=\\"Blocks\\" class=\\"blocks\\" stroke=\\"none\\" stroke-width=\\"1\\" fill=\\"none\\" fill-rule=\\"evenodd\\" stroke-linecap=\\"square\\"><g id=\\"Dismiss\\" stroke=\\"#063855\\" stroke-width=\\"2\\"><path d=\\"M51 37 37 51\\" id=\\"Shape\\"/><path d=\\"M51 51 37 37\\"/><style></style></g></g></svg>"`;

exports[`svgo uses \`state.filePath\` to detect configuration 1`] = `"<svg width=\\"88\\" height=\\"88\\" xmlns=\\"http://www.w3.org/2000/svg\\"><g id=\\"svgo__Blocks\\" class=\\"svgo__blocks\\" stroke=\\"none\\" stroke-width=\\"1\\" fill=\\"none\\" fill-rule=\\"evenodd\\" stroke-linecap=\\"square\\"><g id=\\"svgo__Dismiss\\" stroke=\\"#063855\\" stroke-width=\\"2\\"><path d=\\"M51 37 37 51\\" id=\\"svgo__Shape\\"/><path d=\\"M51 51 37 37\\"/><style></style></g></g></svg>"`;
